D:/Work_202506/Git/ESC_SixStep/ST/ESC_SixStep/cmake/stm32cubemx/../../Drivers/STM32G4xx_HAL_Driver/Inc/stm32g4xx_ll_adc.h:5686:22:LL_ADC_INJ_SetSequencerRanks	24	static
D:/Work_202506/Git/ESC_SixStep/ST/ESC_SixStep/cmake/stm32cubemx/../../Drivers/STM32G4xx_HAL_Driver/Inc/stm32g4xx_ll_adc.h:6319:22:LL_ADC_SetChannelSamplingTime	32	static
D:/Work_202506/Git/ESC_SixStep/ST/ESC_SixStep/cmake/stm32cubemx/../../Drivers/STM32G4xx_HAL_Driver/Inc/stm32g4xx_ll_adc.h:6714:22:LL_ADC_SetAnalogWDMonitChannels	32	static
D:/Work_202506/Git/ESC_SixStep/ST/ESC_SixStep/cmake/stm32cubemx/../../Drivers/STM32G4xx_HAL_Driver/Inc/stm32g4xx_ll_adc.h:7048:22:LL_ADC_SetAnalogWDThresholds	32	static
D:/Work_202506/Git/ESC_SixStep/ST/ESC_SixStep/cmake/stm32cubemx/../../Drivers/STM32G4xx_HAL_Driver/Inc/stm32g4xx_ll_adc.h:7621:22:LL_ADC_DisableDeepPowerDown	16	static
D:/Work_202506/Git/ESC_SixStep/ST/ESC_SixStep/cmake/stm32cubemx/../../Drivers/STM32G4xx_HAL_Driver/Inc/stm32g4xx_ll_adc.h:7654:22:LL_ADC_EnableInternalRegulator	16	static
D:/Work_202506/Git/ESC_SixStep/ST/ESC_SixStep/cmake/stm32cubemx/../../Drivers/STM32G4xx_HAL_Driver/Inc/stm32g4xx_ll_adc.h:7705:22:LL_ADC_Enable	16	static
D:/Work_202506/Git/ESC_SixStep/ST/ESC_SixStep/cmake/stm32cubemx/../../Drivers/STM32G4xx_HAL_Driver/Inc/stm32g4xx_ll_adc.h:7783:22:LL_ADC_StartCalibration	16	static
D:/Work_202506/Git/ESC_SixStep/ST/ESC_SixStep/cmake/stm32cubemx/../../Drivers/STM32G4xx_HAL_Driver/Inc/stm32g4xx_ll_adc.h:7799:26:LL_ADC_IsCalibrationOnGoing	16	static
D:/Work_202506/Git/ESC_SixStep/ST/ESC_SixStep/cmake/stm32cubemx/../../Drivers/STM32G4xx_HAL_Driver/Inc/stm32g4xx_ll_adc.h:8056:22:LL_ADC_INJ_StartConversion	16	static
D:/Work_202506/Git/ESC_SixStep/ST/ESC_SixStep/cmake/stm32cubemx/../../Drivers/STM32G4xx_HAL_Driver/Inc/stm32g4xx_ll_adc.h:8264:26:LL_ADC_IsActiveFlag_ADRDY	16	static
D:/Work_202506/Git/ESC_SixStep/ST/ESC_SixStep/cmake/stm32cubemx/../../Drivers/STM32G4xx_HAL_Driver/Inc/stm32g4xx_ll_adc.h:8476:22:LL_ADC_ClearFlag_AWD1	16	static
D:/Work_202506/Git/ESC_SixStep/ST/ESC_SixStep/cmake/stm32cubemx/../../Drivers/STM32G4xx_HAL_Driver/Inc/stm32g4xx_ll_adc.h:8871:22:LL_ADC_EnableIT_AWD1	16	static
D:/Work_202506/Git/ESC_SixStep/ST/ESC_SixStep/cmake/stm32cubemx/../../Drivers/STM32G4xx_HAL_Driver/Inc/stm32g4xx_ll_adc.h:8992:22:LL_ADC_DisableIT_AWD1	16	static
D:/Work_202506/Git/ESC_SixStep/ST/ESC_SixStep/cmake/stm32cubemx/../../Drivers/STM32G4xx_HAL_Driver/Inc/stm32g4xx_ll_tim.h:2023:22:LL_TIM_EnableCounter	16	static
D:/Work_202506/Git/ESC_SixStep/ST/ESC_SixStep/cmake/stm32cubemx/../../Drivers/STM32G4xx_HAL_Driver/Inc/stm32g4xx_ll_tim.h:2291:26:LL_TIM_GetCounter	16	static
D:/Work_202506/Git/ESC_SixStep/ST/ESC_SixStep/cmake/stm32cubemx/../../Drivers/STM32G4xx_HAL_Driver/Inc/stm32g4xx_ll_tim.h:2363:26:LL_TIM_GetAutoReload	16	static
D:/Work_202506/Git/ESC_SixStep/ST/ESC_SixStep/cmake/stm32cubemx/../../Drivers/STM32G4xx_HAL_Driver/Inc/stm32g4xx_ll_tim.h:3217:22:LL_TIM_OC_SetCompareCH1	16	static
D:/Work_202506/Git/ESC_SixStep/ST/ESC_SixStep/cmake/stm32cubemx/../../Drivers/STM32G4xx_HAL_Driver/Inc/stm32g4xx_ll_tim.h:3318:26:LL_TIM_OC_GetCompareCH1	16	static
D:/Work_202506/Git/ESC_SixStep/ST/ESC_SixStep/cmake/stm32cubemx/../../Drivers/STM32G4xx_HAL_Driver/Inc/stm32g4xx_ll_tim.h:5954:22:LL_TIM_EnableIT_CC1	16	static
D:/Work_202506/Git/ESC_SixStep/ST/ESC_SixStep/cmake/stm32cubemx/../../Inc/speed_duty_ctrl.h:462:20:SDC_GetOnSensing	16	static
D:/Work_202506/Git/ESC_SixStep/ST/ESC_SixStep/cmake/stm32cubemx/../../MCSDK_v6.4.1-Full/MotorControl/MCSDK/MCLib/Any/Inc/bus_voltage_sensor.h:77:24:VBS_GetAvBusVoltage_d	16	static
D:/Work_202506/Git/ESC_SixStep/ST/ESC_SixStep/Src/bemf_ADC_fdbk_sixstep.c:64:13:BADC_Init	24	static
D:/Work_202506/Git/ESC_SixStep/ST/ESC_SixStep/Src/bemf_ADC_fdbk_sixstep.c:169:13:BADC_Clear	24	static
D:/Work_202506/Git/ESC_SixStep/ST/ESC_SixStep/Src/bemf_ADC_fdbk_sixstep.c:218:13:BADC_Start	32	static
D:/Work_202506/Git/ESC_SixStep/ST/ESC_SixStep/Src/bemf_ADC_fdbk_sixstep.c:292:13:BADC_Stop	8	static
D:/Work_202506/Git/ESC_SixStep/ST/ESC_SixStep/Src/bemf_ADC_fdbk_sixstep.c:318:13:BADC_SetSamplingPoint	32	static
D:/Work_202506/Git/ESC_SixStep/ST/ESC_SixStep/Src/bemf_ADC_fdbk_sixstep.c:394:13:BADC_IsZcDetected	40	static
D:/Work_202506/Git/ESC_SixStep/ST/ESC_SixStep/Src/bemf_ADC_fdbk_sixstep.c:561:13:BADC_CalcAvrgMecSpeedUnit	32	static
D:/Work_202506/Git/ESC_SixStep/ST/ESC_SixStep/Src/bemf_ADC_fdbk_sixstep.c:630:13:BADC_SetDirection	16	static
D:/Work_202506/Git/ESC_SixStep/ST/ESC_SixStep/Src/bemf_ADC_fdbk_sixstep.c:653:6:BADC_SelectAdcChannel	48	static
D:/Work_202506/Git/ESC_SixStep/ST/ESC_SixStep/Src/bemf_ADC_fdbk_sixstep.c:668:6:BADC_StepChangeEvent	24	static
D:/Work_202506/Git/ESC_SixStep/ST/ESC_SixStep/Src/bemf_ADC_fdbk_sixstep.c:721:6:BADC_CalcRevUpDemagTime	24	static
D:/Work_202506/Git/ESC_SixStep/ST/ESC_SixStep/Src/bemf_ADC_fdbk_sixstep.c:767:6:BADC_CalcRunDemagTime	24	static
D:/Work_202506/Git/ESC_SixStep/ST/ESC_SixStep/Src/bemf_ADC_fdbk_sixstep.c:814:6:BADC_SetLoopClosed	16	static
D:/Work_202506/Git/ESC_SixStep/ST/ESC_SixStep/Src/bemf_ADC_fdbk_sixstep.c:835:6:BADC_SetSpeedTimer	24	static
D:/Work_202506/Git/ESC_SixStep/ST/ESC_SixStep/Src/bemf_ADC_fdbk_sixstep.c:870:6:BADC_CheckDetectionErrors	24	static
D:/Work_202506/Git/ESC_SixStep/ST/ESC_SixStep/Src/bemf_ADC_fdbk_sixstep.c:909:8:BADC_SetBemfSensorlessParam	24	static
D:/Work_202506/Git/ESC_SixStep/ST/ESC_SixStep/Src/bemf_ADC_fdbk_sixstep.c:945:6:BADC_GetBemfSensorlessParam	24	static
