D:/Work_202506/Git/ESC_SixStep/ST/ESC_SixStep/cmake/stm32cubemx/../../Inc/speed_duty_ctrl.h:138:20:SDC_SetControlMode	16	static
D:/Work_202506/Git/ESC_SixStep/ST/ESC_SixStep/cmake/stm32cubemx/../../Inc/speed_duty_ctrl.h:161:23:SDC_GetMecSpeedRefUnit	24	static
D:/Work_202506/Git/ESC_SixStep/ST/ESC_SixStep/cmake/stm32cubemx/../../Inc/speed_duty_ctrl.h:190:24:SDC_GetDutyCycleRef	24	static
D:/Work_202506/Git/ESC_SixStep/ST/ESC_SixStep/cmake/stm32cubemx/../../Inc/speed_duty_ctrl.h:297:20:SDC_SetSpeedSensor	16	static
D:/Work_202506/Git/ESC_SixStep/ST/ESC_SixStep/cmake/stm32cubemx/../../Inc/speed_duty_ctrl.h:320:23:SDC_GetMecSpeedRefUnitDefault	16	static
D:/Work_202506/Git/ESC_SixStep/ST/ESC_SixStep/cmake/stm32cubemx/../../Inc/speed_duty_ctrl.h:357:20:SDC_ForceSpeedReferenceToCurrentSpeed	16	static
D:/Work_202506/Git/ESC_SixStep/ST/ESC_SixStep/cmake/stm32cubemx/../../Inc/speed_duty_ctrl.h:383:20:SDC_ClearDutyCycleMean	16	static
D:/Work_202506/Git/ESC_SixStep/ST/ESC_SixStep/cmake/stm32cubemx/../../Inc/speed_duty_ctrl.h:462:20:SDC_GetOnSensing	16	static
D:/Work_202506/Git/ESC_SixStep/ST/ESC_SixStep/cmake/stm32cubemx/../../Inc/speed_duty_ctrl.h:476:20:SDC_GetOpenLoopFlag	16	static
D:/Work_202506/Git/ESC_SixStep/ST/ESC_SixStep/cmake/stm32cubemx/../../Inc/speed_duty_ctrl.h:641:20:SDC_GetRevUpFlag	16	static
D:/Work_202506/Git/ESC_SixStep/ST/ESC_SixStep/cmake/stm32cubemx/../../MCSDK_v6.4.1-Full/MotorControl/MCSDK/MCLib/Any/Inc/revup_ctrl_sixstep.h:364:23:RUC_6S_GetDirection	16	static
D:/Work_202506/Git/ESC_SixStep/ST/ESC_SixStep/cmake/stm32cubemx/../../Inc/bemf_ADC_fdbk_sixstep.h:249:20:BADC_IsLoopClosed	16	static
D:/Work_202506/Git/ESC_SixStep/ST/ESC_SixStep/cmake/stm32cubemx/../../MCSDK_v6.4.1-Full/MotorControl/MCSDK/MCLib/Any/Inc/otf_sixstep.h:109:20:OTF_6S_IsOngoing	16	static
D:/Work_202506/Git/ESC_SixStep/ST/ESC_SixStep/cmake/stm32cubemx/../../MCSDK_v6.4.1-Full/MotorControl/MCSDK/MCLib/Any/Inc/otf_sixstep.h:119:20:OTF_6S_IsAborted	16	static
D:/Work_202506/Git/ESC_SixStep/ST/ESC_SixStep/Src/mc_tasks_sixstep.c:77:13:SIX_STEP_Init	8	static
D:/Work_202506/Git/ESC_SixStep/ST/ESC_SixStep/Src/mc_tasks_sixstep.c:119:6:TSK_MF_StopProcessing	16	static
D:/Work_202506/Git/ESC_SixStep/ST/ESC_SixStep/Src/mc_tasks_sixstep.c:134:13:TSK_MediumFrequencyTaskM1	24	static
D:/Work_202506/Git/ESC_SixStep/ST/ESC_SixStep/Src/mc_tasks_sixstep.c:434:13:SIX_STEP_Clear	24	static
D:/Work_202506/Git/ESC_SixStep/ST/ESC_SixStep/Src/mc_tasks_sixstep.c:467:13:TSK_SpeedTIM_task	8	static
D:/Work_202506/Git/ESC_SixStep/ST/ESC_SixStep/Src/mc_tasks_sixstep.c:546:6:TSK_BEMF_ZCD_Task	8	static
D:/Work_202506/Git/ESC_SixStep/ST/ESC_SixStep/Src/mc_tasks_sixstep.c:575:13:SixStep_StepCommution	8	static
