D:/Work_202506/Git/ESC_SixStep/ST/ESC_SixStep/cmake/stm32cubemx/../../Drivers/STM32G4xx_HAL_Driver/Inc/stm32g4xx_ll_adc.h:4828:22:LL_ADC_REG_SetSequencerLength	16	static
D:/Work_202506/Git/ESC_SixStep/ST/ESC_SixStep/cmake/stm32cubemx/../../Drivers/STM32G4xx_HAL_Driver/Inc/stm32g4xx_ll_adc.h:5043:22:LL_ADC_REG_SetSequencerRanks	32	static
D:/Work_202506/Git/ESC_SixStep/ST/ESC_SixStep/cmake/stm32cubemx/../../Drivers/STM32G4xx_HAL_Driver/Inc/stm32g4xx_ll_adc.h:6319:22:LL_ADC_SetChannelSamplingTime	32	static
D:/Work_202506/Git/ESC_SixStep/ST/ESC_SixStep/cmake/stm32cubemx/../../Drivers/STM32G4xx_HAL_Driver/Inc/stm32g4xx_ll_adc.h:7705:22:LL_ADC_Enable	16	static
D:/Work_202506/Git/ESC_SixStep/ST/ESC_SixStep/cmake/stm32cubemx/../../Drivers/STM32G4xx_HAL_Driver/Inc/stm32g4xx_ll_adc.h:7744:26:LL_ADC_IsEnabled	16	static
D:/Work_202506/Git/ESC_SixStep/ST/ESC_SixStep/cmake/stm32cubemx/../../Drivers/STM32G4xx_HAL_Driver/Inc/stm32g4xx_ll_adc.h:7783:22:LL_ADC_StartCalibration	16	static
D:/Work_202506/Git/ESC_SixStep/ST/ESC_SixStep/cmake/stm32cubemx/../../Drivers/STM32G4xx_HAL_Driver/Inc/stm32g4xx_ll_adc.h:7799:26:LL_ADC_IsCalibrationOnGoing	16	static
D:/Work_202506/Git/ESC_SixStep/ST/ESC_SixStep/cmake/stm32cubemx/../../Drivers/STM32G4xx_HAL_Driver/Inc/stm32g4xx_ll_adc.h:7830:22:LL_ADC_REG_StartConversion	16	static
D:/Work_202506/Git/ESC_SixStep/ST/ESC_SixStep/cmake/stm32cubemx/../../Drivers/STM32G4xx_HAL_Driver/Inc/stm32g4xx_ll_adc.h:8264:26:LL_ADC_IsActiveFlag_ADRDY	16	static
D:/Work_202506/Git/ESC_SixStep/ST/ESC_SixStep/cmake/stm32cubemx/../../Drivers/STM32G4xx_HAL_Driver/Inc/stm32g4xx_ll_adc.h:8275:26:LL_ADC_IsActiveFlag_EOC	16	static
D:/Work_202506/Git/ESC_SixStep/ST/ESC_SixStep/cmake/stm32cubemx/../../Drivers/STM32G4xx_HAL_Driver/Inc/stm32g4xx_ll_adc.h:8399:22:LL_ADC_ClearFlag_EOC	16	static
D:/Work_202506/Git/ESC_SixStep/ST/ESC_SixStep/cmake/stm32cubemx/../../Drivers/STM32G4xx_HAL_Driver/Inc/stm32g4xx_ll_adc.h:8443:22:LL_ADC_ClearFlag_JEOC	16	static
D:/Work_202506/Git/ESC_SixStep/ST/ESC_SixStep/cmake/stm32cubemx/../../Drivers/STM32G4xx_HAL_Driver/Inc/stm32g4xx_ll_adc.h:8915:22:LL_ADC_DisableIT_EOC	16	static
D:/Work_202506/Git/ESC_SixStep/ST/ESC_SixStep/cmake/stm32cubemx/../../Drivers/STM32G4xx_HAL_Driver/Inc/stm32g4xx_ll_adc.h:8959:22:LL_ADC_DisableIT_JEOC	16	static
D:/Work_202506/Git/ESC_SixStep/ST/ESC_SixStep/cmake/stm32cubemx/../../Inc/mc_stm_types.h:159:26:LL_ADC_REG_ReadConversionData12L	16	static
D:/Work_202506/Git/ESC_SixStep/ST/ESC_SixStep/Src/regular_conversion_manager.c:122:6:RCM_RegisterRegConv	24	static
D:/Work_202506/Git/ESC_SixStep/ST/ESC_SixStep/Src/regular_conversion_manager.c:198:6:RCM_ExecNextConv	8	static
D:/Work_202506/Git/ESC_SixStep/ST/ESC_SixStep/Src/regular_conversion_manager.c:235:6:RCM_ReadOngoingConv	24	static
D:/Work_202506/Git/ESC_SixStep/ST/ESC_SixStep/Src/regular_conversion_manager.c:278:10:RCM_ExecRegularConv	24	static
D:/Work_202506/Git/ESC_SixStep/ST/ESC_SixStep/Src/regular_conversion_manager.c:319:6:RCM_WaitForConv	8	static
