D:/Work_202506/Git/ESC_SixStep/ST/ESC_SixStep/cmake/stm32cubemx/../../Drivers/STM32G4xx_HAL_Driver/Inc/stm32g4xx_ll_usart.h:2949:26:LL_USART_IsActiveFlag_FE	16	static
D:/Work_202506/Git/ESC_SixStep/ST/ESC_SixStep/cmake/stm32cubemx/../../Drivers/STM32G4xx_HAL_Driver/Inc/stm32g4xx_ll_usart.h:2960:26:LL_USART_IsActiveFlag_NE	16	static
D:/Work_202506/Git/ESC_SixStep/ST/ESC_SixStep/cmake/stm32cubemx/../../Drivers/STM32G4xx_HAL_Driver/Inc/stm32g4xx_ll_usart.h:2971:26:LL_USART_IsActiveFlag_ORE	16	static
D:/Work_202506/Git/ESC_SixStep/ST/ESC_SixStep/cmake/stm32cubemx/../../Drivers/STM32G4xx_HAL_Driver/Inc/stm32g4xx_ll_usart.h:2982:26:LL_USART_IsActiveFlag_IDLE	16	static
D:/Work_202506/Git/ESC_SixStep/ST/ESC_SixStep/cmake/stm32cubemx/../../Drivers/STM32G4xx_HAL_Driver/Inc/stm32g4xx_ll_usart.h:3008:26:LL_USART_IsActiveFlag_TC	16	static
D:/Work_202506/Git/ESC_SixStep/ST/ESC_SixStep/cmake/stm32cubemx/../../Drivers/STM32G4xx_HAL_Driver/Inc/stm32g4xx_ll_usart.h:3346:22:LL_USART_ClearFlag_TC	16	static
D:/Work_202506/Git/ESC_SixStep/ST/ESC_SixStep/cmake/stm32cubemx/../../Drivers/STM32G4xx_HAL_Driver/Inc/stm32g4xx_ll_usart.h:3463:22:LL_USART_EnableIT_IDLE	40	static,ignoring_inline_asm
D:/Work_202506/Git/ESC_SixStep/ST/ESC_SixStep/cmake/stm32cubemx/../../Drivers/STM32G4xx_HAL_Driver/Inc/stm32g4xx_ll_usart.h:3602:22:LL_USART_EnableIT_ERROR	40	static,ignoring_inline_asm
D:/Work_202506/Git/ESC_SixStep/ST/ESC_SixStep/cmake/stm32cubemx/../../Drivers/STM32G4xx_HAL_Driver/Inc/stm32g4xx_ll_usart.h:3678:22:LL_USART_DisableIT_IDLE	40	static,ignoring_inline_asm
D:/Work_202506/Git/ESC_SixStep/ST/ESC_SixStep/cmake/stm32cubemx/../../Drivers/STM32G4xx_HAL_Driver/Inc/stm32g4xx_ll_usart.h:3819:22:LL_USART_DisableIT_ERROR	40	static,ignoring_inline_asm
D:/Work_202506/Git/ESC_SixStep/ST/ESC_SixStep/cmake/stm32cubemx/../../Drivers/STM32G4xx_HAL_Driver/Inc/stm32g4xx_ll_usart.h:3895:26:LL_USART_IsEnabledIT_IDLE	16	static
D:/Work_202506/Git/ESC_SixStep/ST/ESC_SixStep/cmake/stm32cubemx/../../Drivers/STM32G4xx_HAL_Driver/Inc/stm32g4xx_ll_usart.h:4032:26:LL_USART_IsEnabledIT_ERROR	16	static
D:/Work_202506/Git/ESC_SixStep/ST/ESC_SixStep/cmake/stm32cubemx/../../Drivers/STM32G4xx_HAL_Driver/Inc/stm32g4xx_ll_usart.h:4116:22:LL_USART_EnableDMAReq_RX	40	static,ignoring_inline_asm
D:/Work_202506/Git/ESC_SixStep/ST/ESC_SixStep/cmake/stm32cubemx/../../Drivers/STM32G4xx_HAL_Driver/Inc/stm32g4xx_ll_usart.h:4127:22:LL_USART_DisableDMAReq_RX	40	static,ignoring_inline_asm
D:/Work_202506/Git/ESC_SixStep/ST/ESC_SixStep/cmake/stm32cubemx/../../Drivers/STM32G4xx_HAL_Driver/Inc/stm32g4xx_ll_usart.h:4251:25:LL_USART_ReceiveData8	16	static
D:/Work_202506/Git/ESC_SixStep/ST/ESC_SixStep/cmake/stm32cubemx/../../Drivers/STM32G4xx_HAL_Driver/Inc/stm32g4xx_ll_dma.h:539:22:LL_DMA_DisableChannel	24	static
D:/Work_202506/Git/ESC_SixStep/ST/ESC_SixStep/cmake/stm32cubemx/../../Inc/mc_stm_types.h:112:22:LL_DMA_ClearFlag_TC	16	static
D:/Work_202506/Git/ESC_SixStep/ST/ESC_SixStep/cmake/stm32cubemx/../../Inc/mc_stm_types.h:126:26:LL_DMA_IsActiveFlag_TC	16	static
D:/Work_202506/Git/ESC_SixStep/ST/ESC_SixStep/cmake/stm32cubemx/../../Drivers/STM32G4xx_HAL_Driver/Inc/stm32g4xx_ll_exti.h:1299:26:LL_EXTI_ReadFlag_0_31	16	static
D:/Work_202506/Git/ESC_SixStep/ST/ESC_SixStep/cmake/stm32cubemx/../../Drivers/STM32G4xx_HAL_Driver/Inc/stm32g4xx_ll_exti.h:1359:22:LL_EXTI_ClearFlag_0_31	16	static
D:/Work_202506/Git/ESC_SixStep/ST/ESC_SixStep/Src/stm32_mc_common_it.c:70:6:USART2_IRQHandler	40	static
D:/Work_202506/Git/ESC_SixStep/ST/ESC_SixStep/Src/stm32_mc_common_it.c:148:6:HardFault_Handler	8	static
D:/Work_202506/Git/ESC_SixStep/ST/ESC_SixStep/Src/stm32_mc_common_it.c:167:6:SysTick_Handler	8	static
D:/Work_202506/Git/ESC_SixStep/ST/ESC_SixStep/Src/stm32_mc_common_it.c:213:6:EXTI15_10_IRQHandler	8	static
