D:/Work_202506/Git/ESC_SixStep/ST/ESC_SixStep/cmake/stm32cubemx/../../Drivers/STM32G4xx_HAL_Driver/Inc/stm32g4xx_ll_adc.h:8352:26:LL_ADC_IsActiveFlag_AWD1	16	static
D:/Work_202506/Git/ESC_SixStep/ST/ESC_SixStep/cmake/stm32cubemx/../../Drivers/STM32G4xx_HAL_Driver/Inc/stm32g4xx_ll_adc.h:8476:22:LL_ADC_ClearFlag_AWD1	16	static
D:/Work_202506/Git/ESC_SixStep/ST/ESC_SixStep/cmake/stm32cubemx/../../Drivers/STM32G4xx_HAL_Driver/Inc/stm32g4xx_ll_adc.h:9122:26:LL_ADC_IsEnabledIT_AWD1	16	static
D:/Work_202506/Git/ESC_SixStep/ST/ESC_SixStep/cmake/stm32cubemx/../../Drivers/STM32G4xx_HAL_Driver/Inc/stm32g4xx_ll_tim.h:5477:22:LL_TIM_ClearFlag_CC1	16	static
D:/Work_202506/Git/ESC_SixStep/ST/ESC_SixStep/cmake/stm32cubemx/../../Drivers/STM32G4xx_HAL_Driver/Inc/stm32g4xx_ll_tim.h:5488:26:LL_TIM_IsActiveFlag_CC1	16	static
D:/Work_202506/Git/ESC_SixStep/ST/ESC_SixStep/cmake/stm32cubemx/../../Drivers/STM32G4xx_HAL_Driver/Inc/stm32g4xx_ll_tim.h:5653:22:LL_TIM_ClearFlag_BRK	16	static
D:/Work_202506/Git/ESC_SixStep/ST/ESC_SixStep/cmake/stm32cubemx/../../Drivers/STM32G4xx_HAL_Driver/Inc/stm32g4xx_ll_tim.h:5664:26:LL_TIM_IsActiveFlag_BRK	16	static
D:/Work_202506/Git/ESC_SixStep/ST/ESC_SixStep/cmake/stm32cubemx/../../Drivers/STM32G4xx_HAL_Driver/Inc/stm32g4xx_ll_tim.h:5675:22:LL_TIM_ClearFlag_BRK2	16	static
D:/Work_202506/Git/ESC_SixStep/ST/ESC_SixStep/cmake/stm32cubemx/../../Drivers/STM32G4xx_HAL_Driver/Inc/stm32g4xx_ll_tim.h:5686:26:LL_TIM_IsActiveFlag_BRK2	16	static
D:/Work_202506/Git/ESC_SixStep/ST/ESC_SixStep/cmake/stm32cubemx/../../Drivers/STM32G4xx_HAL_Driver/Inc/stm32g4xx_ll_tim.h:5976:26:LL_TIM_IsEnabledIT_CC1	16	static
D:/Work_202506/Git/ESC_SixStep/ST/ESC_SixStep/cmake/stm32cubemx/../../Inc/pwmc_sixstep.h:162:21:PWMC_BRK_IRQHandler	16	static
D:/Work_202506/Git/ESC_SixStep/ST/ESC_SixStep/cmake/stm32cubemx/../../Inc/mc_perf.h:67:20:MC_Perf_Measure_Start	24	static
D:/Work_202506/Git/ESC_SixStep/ST/ESC_SixStep/Src/stm32g4xx_mc_it.c:67:6:ADC1_2_IRQHandler	8	static
D:/Work_202506/Git/ESC_SixStep/ST/ESC_SixStep/Src/stm32g4xx_mc_it.c:123:6:TIM2_IRQHandler	8	static
D:/Work_202506/Git/ESC_SixStep/ST/ESC_SixStep/Src/stm32g4xx_mc_it.c:157:6:TIM1_BRK_TIM15_IRQHandler	8	static
